RUN_ID=30217344531
COMMIT_STATUS=0
PUSH_STATUS=1
[agent/bulk-trained-register-update 2574955] Apply trained register and recovery bulk update
 29 files changed, 461 insertions(+), 23709 deletions(-)
 delete mode 100644 .diagnostics/apply-bulk-trained-register-update.py
 delete mode 100644 .diagnostics/bulk-build-failure.log
 delete mode 100644 .diagnostics/bulk-build-failure.status
 delete mode 100644 .diagnostics/bulk-trained-register-context.txt
 delete mode 100644 .diagnostics/bulk-validation-failure.log
 delete mode 100644 .diagnostics/bulk-validation-failure.status
 delete mode 100644 .diagnostics/collect-bulk-trained-register-context.py
 delete mode 100644 .diagnostics/mission-ready-delay-context.txt
 delete mode 100644 .diagnostics/personnel-register-scan-context.txt
 delete mode 100644 .diagnostics/run-bulk-trained-register-update.py
 delete mode 100644 .diagnostics/search-advisor-context.txt
 delete mode 100644 .diagnostics/towing-recovery-context.txt
 create mode 100644 scripts/check-bulk-trained-register-update.mjs
To https://github.com/Team-Killing-Bastards/MissionChief-Command-Nexus
 ! [remote rejected] HEAD -> agent/bulk-trained-register-update (refusing to allow a GitHub App to create or update workflow `.github/workflows/validate-userscript.yml` without `workflows` permission)
error: failed to push some refs to 'https://github.com/Team-Killing-Bastards/MissionChief-Command-Nexus'
